
> backend@1.0.0 test
> jest --detectOpenHandles src/tests/models.test.js

  console.log
    ◇ injected env (20) from .env // tip: ⌘ custom filepath { path: '/custom/path/.env' }

      at _log (node_modules/dotenv/lib/main.js:131:11)

  console.error
    Error during setup: Error: 
        at Query.run (D:\Sadak-Sevak\backend\node_modules\sequelize\src\dialects\mysql\query.js:46:25)
        at D:\Sadak-Sevak\backend\node_modules\sequelize\src\sequelize.js:650:28
        at processTicksAndRejections (node:internal/process/task_queues:105:5)
        at MySQLQueryInterface.createTable (D:\Sadak-Sevak\backend\node_modules\sequelize\src\dialects\abstract\query-interface.js:229:12)
        at Function.sync (D:\Sadak-Sevak\backend\node_modules\sequelize\src\model.js:1353:7)
        at Sequelize.sync (D:\Sadak-Sevak\backend\node_modules\sequelize\src\sequelize.js:825:9)
        at Object.<anonymous> (D:\Sadak-Sevak\backend\src\tests\models.test.js:18:7) {
      name: 'SequelizeDatabaseError',
      parent: Error: Referencing column 'userId' and referenced column 'id' in foreign key constraint 'fk_ci_user' are incompatible.
          at Packet.asError (D:\Sadak-Sevak\backend\node_modules\mysql2\lib\packets\packet.js:788:17)
          at Query.execute (D:\Sadak-Sevak\backend\node_modules\mysql2\lib\commands\command.js:29:26)
          at Connection.handlePacket (D:\Sadak-Sevak\backend\node_modules\mysql2\lib\base\connection.js:552:34)
          at PacketParser.onPacket (D:\Sadak-Sevak\backend\node_modules\mysql2\lib\base\connection.js:102:12)
          at PacketParser.executeStart (D:\Sadak-Sevak\backend\node_modules\mysql2\lib\packet_parser.js:75:16)
          at Socket.<anonymous> (D:\Sadak-Sevak\backend\node_modules\mysql2\lib\base\connection.js:109:25)
          at Socket.emit (node:events:513:28)
          at addChunk (node:internal/streams/readable:559:12)
          at readableAddChunkPushByteMode (node:internal/streams/readable:510:3)
          at Socket.Readable.push (node:internal/streams/readable:390:5)
          at TCP.onStreamRead (node:internal/stream_base_commons:189:23) {
        code: 'ER_FK_INCOMPATIBLE_COLUMNS',
        errno: 3780,
        sqlState: 'HY000',
        sqlMessage: "Referencing column 'userId' and referenced column 'id' in foreign key constraint 'fk_ci_user' are incompatible.",
        sql: "CREATE TABLE IF NOT EXISTS `auth` (`id` CHAR(36) , `name` VARCHAR(255) NOT NULL, `email` VARCHAR(255) NOT NULL UNIQUE, `password` VARCHAR(255), `role` ENUM('citizen', 'admin', 'department_head', 'team_member') DEFAULT 'citizen', `googleId` VARCHAR(255) UNIQUE, `appleId` VARCHAR(255) UNIQUE, `avatar` VARCHAR(255), `otp` VARCHAR(255), `isVerified` TINYINT(1) DEFAULT false, `createdAt` DATETIME NOT NULL, `updatedAt` DATETIME NOT NULL, PRIMARY KEY (`id`)) ENGINE=InnoDB;",
        parameters: undefined
      },
      original: Error: Referencing column 'userId' and referenced column 'id' in foreign key constraint 'fk_ci_user' are incompatible.
          at Packet.asError (D:\Sadak-Sevak\backend\node_modules\mysql2\lib\packets\packet.js:788:17)
          at Query.execute (D:\Sadak-Sevak\backend\node_modules\mysql2\lib\commands\command.js:29:26)
          at Connection.handlePacket (D:\Sadak-Sevak\backend\node_modules\mysql2\lib\base\connection.js:552:34)
          at PacketParser.onPacket (D:\Sadak-Sevak\backend\node_modules\mysql2\lib\base\connection.js:102:12)
          at PacketParser.executeStart (D:\Sadak-Sevak\backend\node_modules\mysql2\lib\packet_parser.js:75:16)
          at Socket.<anonymous> (D:\Sadak-Sevak\backend\node_modules\mysql2\lib\base\connection.js:109:25)
          at Socket.emit (node:events:513:28)
          at addChunk (node:internal/streams/readable:559:12)
          at readableAddChunkPushByteMode (node:internal/streams/readable:510:3)
          at Socket.Readable.push (node:internal/streams/readable:390:5)
          at TCP.onStreamRead (node:internal/stream_base_commons:189:23) {
        code: 'ER_FK_INCOMPATIBLE_COLUMNS',
        errno: 3780,
        sqlState: 'HY000',
        sqlMessage: "Referencing column 'userId' and referenced column 'id' in foreign key constraint 'fk_ci_user' are incompatible.",
        sql: "CREATE TABLE IF NOT EXISTS `auth` (`id` CHAR(36) , `name` VARCHAR(255) NOT NULL, `email` VARCHAR(255) NOT NULL UNIQUE, `password` VARCHAR(255), `role` ENUM('citizen', 'admin', 'department_head', 'team_member') DEFAULT 'citizen', `googleId` VARCHAR(255) UNIQUE, `appleId` VARCHAR(255) UNIQUE, `avatar` VARCHAR(255), `otp` VARCHAR(255), `isVerified` TINYINT(1) DEFAULT false, `createdAt` DATETIME NOT NULL, `updatedAt` DATETIME NOT NULL, PRIMARY KEY (`id`)) ENGINE=InnoDB;",
        parameters: undefined
      },
      sql: "CREATE TABLE IF NOT EXISTS `auth` (`id` CHAR(36) , `name` VARCHAR(255) NOT NULL, `email` VARCHAR(255) NOT NULL UNIQUE, `password` VARCHAR(255), `role` ENUM('citizen', 'admin', 'department_head', 'team_member') DEFAULT 'citizen', `googleId` VARCHAR(255) UNIQUE, `appleId` VARCHAR(255) UNIQUE, `avatar` VARCHAR(255), `otp` VARCHAR(255), `isVerified` TINYINT(1) DEFAULT false, `createdAt` DATETIME NOT NULL, `updatedAt` DATETIME NOT NULL, PRIMARY KEY (`id`)) ENGINE=InnoDB;",
      parameters: {}
    }

    [0m [90m 20 |[39m       [36mawait[39m sequelize[33m.[39mquery([32m'SET FOREIGN_KEY_CHECKS = 1'[39m)[33m;[39m
     [90m 21 |[39m     } [36mcatch[39m (error) {
    [31m[1m>[22m[39m[90m 22 |[39m       console[33m.[39merror([32m'Error during setup:'[39m[33m,[39m error)[33m;[39m
     [90m    |[39m               [31m[1m^[22m[39m
     [90m 23 |[39m       [36mthrow[39m error[33m;[39m
     [90m 24 |[39m     }
     [90m 25 |[39m   })[33m;[39m[0m

      at Object.error (src/tests/models.test.js:22:15)

FAIL src/tests/models.test.js
  Database Models Test
    × should have working models (1 ms)

  ● Database Models Test › should have working models



    [0m [90m 16 |[39m       [36mawait[39m sequelize[33m.[39mquery([32m'DROP TABLE IF EXISTS `auth`'[39m)[33m;[39m
     [90m 17 |[39m       
    [31m[1m>[22m[39m[90m 18 |[39m       [36mawait[39m sequelize[33m.[39msync({ force[33m:[39m [36mfalse[39m })[33m;[39m [90m// sync now creates them fresh[39m
     [90m    |[39m       [31m[1m^[22m[39m
     [90m 19 |[39m       
     [90m 20 |[39m       [36mawait[39m sequelize[33m.[39mquery([32m'SET FOREIGN_KEY_CHECKS = 1'[39m)[33m;[39m
     [90m 21 |[39m     } [36mcatch[39m (error) {[0m

      at Query.run (node_modules/sequelize/src/dialects/mysql/query.js:46:25)
      at node_modules/sequelize/src/sequelize.js:650:28
      at MySQLQueryInterface.createTable (node_modules/sequelize/src/dialects/abstract/query-interface.js:229:12)
      at Function.sync (node_modules/sequelize/src/model.js:1353:7)
      at Sequelize.sync (node_modules/sequelize/src/sequelize.js:825:9)
      at Object.<anonymous> (src/tests/models.test.js:18:7)

Test Suites: 1 failed, 1 total
Tests:       1 failed, 1 total
Snapshots:   0 total
Time:        0.976 s, estimated 2 s
Ran all test suites matching /src\\tests\\models.test.js/i.
